// Jest Snapshot v1, https://goo.gl/fbAQLP

exports[`App component renders App 1`] = `
<DocumentFragment>
  <h3>
    Loading ~_~
  </h3>
</DocumentFragment>
`;
